// Jest Snapshot v1, https://goo.gl/fbAQLP

exports[`pagination component 1`] = `
<div
  className="Container"
>
  <a
    className="Segment"
    href="#"
    onClick={[Function]}
    style={undefined}
  >
    1
  </a>
  <a
    className="Segment"
    href="#"
    onClick={[Function]}
    style={undefined}
  >
    2
  </a>
  <a
    className="Segment"
    href="#"
    onClick={[Function]}
    style={undefined}
  >
    3
  </a>
  <a
    className="Segment"
    href="#"
    onClick={[Function]}
    style={undefined}
  >
    4
  </a>
  <a
    className="Segment--Active"
    href="#"
    onClick={[Function]}
    style={undefined}
  >
    5
  </a>
  <a
    className="Segment"
    href="#"
    onClick={[Function]}
    style={undefined}
  >
    6
  </a>
  <a
    className="Segment"
    href="#"
    onClick={[Function]}
    style={undefined}
  >
    7
  </a>
  <a
    className="Segment"
    href="#"
    onClick={[Function]}
    style={undefined}
  >
    8
  </a>
  <a
    className="Segment"
    href="#"
    onClick={[Function]}
    style={undefined}
  >
    9
  </a>
  <a
    className="Segment"
    href="#"
    onClick={[Function]}
    style={undefined}
  >
    10
  </a>
</div>
`;
